Picked up JAVA_TOOL_OPTIONS: -Dstdout.encoding=UTF-8 -Dstderr.encoding=UTF-8
[INFO] Scanning for projects...
[INFO] 
[INFO] --------------------< com.example:springboot-base >---------------------
[INFO] Building springboot-base 1.0.0
[INFO]   from pom.xml
[INFO] --------------------------------[ jar ]---------------------------------
[INFO] 
[INFO] >>> spring-boot:3.3.2:run (default-cli) > test-compile @ springboot-base >>>
[INFO] 
[INFO] --- resources:3.3.1:resources (default-resources) @ springboot-base ---
[INFO] Copying 1 resource from src\main\resources to target\classes
[INFO] Copying 3 resources from src\main\resources to target\classes
[INFO] 
[INFO] --- compiler:3.11.0:compile (default-compile) @ springboot-base ---
[INFO] Nothing to compile - all classes are up to date
[INFO] 
[INFO] --- resources:3.3.1:testResources (default-testResources) @ springboot-base ---
[INFO] skip non existing resourceDirectory d:\SWP391\SWP391\SWP391-BL5\backend\src\test\resources
[INFO] 
[INFO] --- compiler:3.11.0:testCompile (default-testCompile) @ springboot-base ---
[INFO] Nothing to compile - all classes are up to date
[INFO] 
[INFO] <<< spring-boot:3.3.2:run (default-cli) < test-compile @ springboot-base <<<
[INFO] 
[INFO] 
[INFO] --- spring-boot:3.3.2:run (default-cli) @ springboot-base ---
[INFO] Attaching agents: []
Picked up JAVA_TOOL_OPTIONS: -Dstdout.encoding=UTF-8 -Dstderr.encoding=UTF-8

  .   ____          _            __ _ _
 /\\ / ___'_ __ _ _(_)_ __  __ _ \ \ \ \
( ( )\___ | '_ | '_| | '_ \/ _` | \ \ \ \
 \\/  ___)| |_)| | | | | || (_| |  ) ) ) )
  '  |____| .__|_| |_|_| |_\__, | / / / /
 =========|_|==============|___/=/_/_/_/

 :: Spring Boot ::                (v3.3.2)

2026-08-19T00:25:08.102+07:00  INFO 12656 --- [springboot-base-api] [           main] c.e.base.SpringBootBaseApplication       : Starting SpringBootBaseApplication using Java 25.0.3 with PID 12656 (D:\SWP391\SWP391\SWP391-BL5\backend\target\classes started by Moderator in d:\SWP391\SWP391\SWP391-BL5\backend)
2026-08-19T00:25:08.104+07:00 DEBUG 12656 --- [springboot-base-api] [           main] c.e.base.SpringBootBaseApplication       : Running with Spring Boot v3.3.2, Spring v6.1.11
2026-08-19T00:25:08.105+07:00  INFO 12656 --- [springboot-base-api] [           main] c.e.base.SpringBootBaseApplication       : No active profile set, falling back to 1 default profile: "default"
2026-08-19T00:25:08.762+07:00  INFO 12656 --- [springboot-base-api] [           main] .s.d.r.c.RepositoryConfigurationDelegate : Bootstrapping Spring Data JPA repositories in DEFAULT mode.
2026-08-19T00:25:08.821+07:00  INFO 12656 --- [springboot-base-api] [           main] .s.d.r.c.RepositoryConfigurationDelegate : Finished Spring Data repository scanning in 54 ms. Found 3 JPA repository interfaces.
WARNING: A restricted method in java.lang.System has been called
WARNING: java.lang.System::load has been called by org.apache.tomcat.jni.Library in an unnamed module (file:/C:/Users/Moderator/.m2/repository/org/apache/tomcat/embed/tomcat-embed-core/10.1.26/tomcat-embed-core-10.1.26.jar)
WARNING: Use --enable-native-access=ALL-UNNAMED to avoid a warning for callers in this module
WARNING: Restricted methods will be blocked in a future release unless native access is enabled

2026-08-19T00:25:09.360+07:00  INFO 12656 --- [springboot-base-api] [           main] o.s.b.w.embedded.tomcat.TomcatWebServer  : Tomcat initialized with port 8080 (http)
2026-08-19T00:25:09.374+07:00  INFO 12656 --- [springboot-base-api] [           main] o.apache.catalina.core.StandardService   : Starting service [Tomcat]
2026-08-19T00:25:09.374+07:00  INFO 12656 --- [springboot-base-api] [           main] o.apache.catalina.core.StandardEngine    : Starting Servlet engine: [Apache Tomcat/10.1.26]
2026-08-19T00:25:09.419+07:00  INFO 12656 --- [springboot-base-api] [           main] o.a.c.c.C.[.[localhost].[/api/v1]        : Initializing Spring embedded WebApplicationContext
2026-08-19T00:25:09.419+07:00  INFO 12656 --- [springboot-base-api] [           main] w.s.c.ServletWebServerApplicationContext : Root WebApplicationContext: initialization completed in 1275 ms
2026-08-19T00:25:09.613+07:00  INFO 12656 --- [springboot-base-api] [           main] o.hibernate.jpa.internal.util.LogHelper  : HHH000204: Processing PersistenceUnitInfo [name: default]
2026-08-19T00:25:09.653+07:00  INFO 12656 --- [springboot-base-api] [           main] org.hibernate.Version                    : HHH000412: Hibernate ORM core version 6.5.2.Final
2026-08-19T00:25:09.695+07:00  INFO 12656 --- [springboot-base-api] [           main] o.h.c.internal.RegionFactoryInitiator    : HHH000026: Second-level cache disabled
2026-08-19T00:25:09.937+07:00  INFO 12656 --- [springboot-base-api] [           main] o.s.o.j.p.SpringPersistenceUnitInfo      : No LoadTimeWeaver setup: ignoring JPA class transformer
2026-08-19T00:25:09.958+07:00  INFO 12656 --- [springboot-base-api] [           main] com.zaxxer.hikari.HikariDataSource       : HikariPool-1 - Starting...
2026-08-19T00:25:10.211+07:00  INFO 12656 --- [springboot-base-api] [           main] com.zaxxer.hikari.pool.HikariPool        : HikariPool-1 - Added connection ConnectionID:1 ClientConnectionId: 54e149c8-d8e8-430d-9493-b1619d6b75e8
2026-08-19T00:25:10.213+07:00  INFO 12656 --- [springboot-base-api] [           main] com.zaxxer.hikari.HikariDataSource       : HikariPool-1 - Start completed.
2026-08-19T00:25:10.232+07:00  WARN 12656 --- [springboot-base-api] [           main] org.hibernate.orm.deprecation            : HHH90000025: SQLServerDialect does not need to be specified explicitly using 'hibernate.dialect' (remove the property setting and it will be selected by default)
2026-08-19T00:25:11.344+07:00  INFO 12656 --- [springboot-base-api] [           main] o.h.e.t.j.p.i.JtaPlatformInitiator       : HHH000489: No JTA platform available (set 'hibernate.transaction.jta.platform' to enable JTA platform integration)
2026-08-19T00:25:11.347+07:00  INFO 12656 --- [springboot-base-api] [           main] j.LocalContainerEntityManagerFactoryBean : Initialized JPA EntityManagerFactory for persistence unit 'default'
2026-08-19T00:25:11.584+07:00  INFO 12656 --- [springboot-base-api] [           main] o.s.d.j.r.query.QueryEnhancerFactory     : Hibernate is in classpath; If applicable, HQL parser will be used.
2026-08-19T00:25:12.060+07:00 DEBUG 12656 --- [springboot-base-api] [           main] c.e.b.security.JwtAuthenticationFilter   : Filter 'jwtAuthenticationFilter' configured for use
2026-08-19T00:25:12.257+07:00  INFO 12656 --- [springboot-base-api] [           main] eAuthenticationProviderManagerConfigurer : Global AuthenticationManager configured with AuthenticationProvider bean with name authenticationProvider
2026-08-19T00:25:12.257+07:00  WARN 12656 --- [springboot-base-api] [           main] r$InitializeUserDetailsManagerConfigurer : Global AuthenticationManager configured with an AuthenticationProvider bean. UserDetailsService beans will not be used for username/password login. Consider removing the AuthenticationProvider bean. Alternatively, consider using the UserDetailsService in a manually instantiated DaoAuthenticationProvider.
2026-08-19T00:25:12.405+07:00  WARN 12656 --- [springboot-base-api] [           main] JpaBaseConfiguration$JpaWebConfiguration : spring.jpa.open-in-view is enabled by default. Therefore, database queries may be performed during view rendering. Explicitly configure spring.jpa.open-in-view to disable this warning
2026-08-19T00:25:12.476+07:00  INFO 12656 --- [springboot-base-api] [           main] o.s.b.a.w.s.WelcomePageHandlerMapping    : Adding welcome page: class path resource [static/index.html]
2026-08-19T00:25:12.967+07:00  WARN 12656 --- [springboot-base-api] [           main] ConfigServletWebServerApplicationContext : Exception encountered during context initialization - cancelling refresh attempt: org.springframework.context.ApplicationContextException: Failed to start bean 'webServerStartStop'
2026-08-19T00:25:12.969+07:00  INFO 12656 --- [springboot-base-api] [           main] j.LocalContainerEntityManagerFactoryBean : Closing JPA EntityManagerFactory for persistence unit 'default'
2026-08-19T00:25:12.971+07:00  INFO 12656 --- [springboot-base-api] [           main] com.zaxxer.hikari.HikariDataSource       : HikariPool-1 - Shutdown initiated...
2026-08-19T00:25:12.976+07:00  INFO 12656 --- [springboot-base-api] [           main] com.zaxxer.hikari.HikariDataSource       : HikariPool-1 - Shutdown completed.
2026-08-19T00:25:12.985+07:00  INFO 12656 --- [springboot-base-api] [           main] .s.b.a.l.ConditionEvaluationReportLogger : 

Error starting ApplicationContext. To display the condition evaluation report re-run your application with 'debug' enabled.
2026-08-19T00:25:12.998+07:00 ERROR 12656 --- [springboot-base-api] [           main] o.s.b.d.LoggingFailureAnalysisReporter   : 

***************************
APPLICATION FAILED TO START
***************************

Description:

Web server failed to start. Port 8080 was already in use.

Action:

Identify and stop the process that's listening on port 8080 or configure this application to listen on another port.

[INFO] ------------------------------------------------------------------------
[INFO] BUILD FAILURE
[INFO] ------------------------------------------------------------------------
[INFO] Total time:  7.457 s
[INFO] Finished at: 2026-08-19T00:25:13+07:00
[INFO] ------------------------------------------------------------------------
[ERROR] Failed to execute goal org.springframework.boot:spring-boot-maven-plugin:3.3.2:run (default-cli) on project springboot-base: Process terminated with exit code: 1 -> [Help 1]
[ERROR] 
[ERROR] To see the full stack trace of the errors, re-run Maven with the -e switch.
[ERROR] Re-run Maven using the -X switch to enable full debug logging.
[ERROR] 
[ERROR] For more information about the errors and possible solutions, please read the following articles:
[ERROR] [Help 1] http://cwiki.apache.org/confluence/display/MAVEN/MojoExecutionException

d:\SWP391\SWP391\SWP391-BL5\backend>'for' is not recognized as an internal or external command,
operable program or batch file.
 

d:\SWP391\SWP391\SWP391-BL5\backend>